V3 44
FL C:/Users/Gllamas/Documents/ECE424L/Calculator/AddSub.vhd 2016/01/25.21:45:27 P.20131013
FL C:/Users/Gllamas/Documents/ECE424L/Calculator/ArrayDivider.vhd 2016/01/25.21:32:49 P.20131013
FL C:/Users/Gllamas/Documents/ECE424L/Calculator/B2BCD.vhd 2016/02/05.17:31:32 P.20131013
FL C:/Users/Gllamas/Documents/ECE424L/Calculator/Controlunit.vhd 2016/02/05.17:33:11 P.20131013
FL C:/Users/Gllamas/Documents/ECE424L/Calculator/FA.vhd 2016/01/17.21:40:15 P.20131013
FL C:/Users/Gllamas/Documents/ECE424L/Calculator/FAadder.vhd 2016/01/24.16:45:09 P.20131013
FL C:/Users/Gllamas/Documents/ECE424L/Calculator/FAdiv.vhd 2016/01/24.16:19:01 P.20131013
FL C:/Users/Gllamas/Documents/ECE424L/Calculator/PA4.vhd 2016/01/24.16:57:32 P.20131013
FL C:/Users/Gllamas/Documents/ECE424L/Calculator/PM4.vhd 2016/01/25.21:45:26 P.20131013
FL "C:/Users/Josue Llamas/Desktop/ECE/ECE424L/Calculator/AddSub.vhd" 2016/01/25.21:45:27 P.20131013
EN work/AddSub 1482532701 \
      FL "C:/Users/Josue Llamas/Desktop/ECE/ECE424L/Calculator/AddSub.vhd" \
      PB ieee/std_logic_1164 1381692176
AR work/AddSub/Behavioral 1482532702 \
      FL "C:/Users/Josue Llamas/Desktop/ECE/ECE424L/Calculator/AddSub.vhd" \
      EN work/AddSub 1482532701 CP PA4add
FL "C:/Users/Josue Llamas/Desktop/ECE/ECE424L/Calculator/ArrayDivider.vhd" 2016/01/25.21:32:49 P.20131013
EN work/ArrayDivider 1482532699 \
      FL "C:/Users/Josue Llamas/Desktop/ECE/ECE424L/Calculator/ArrayDivider.vhd" \
      PB ieee/std_logic_1164 1381692176
AR work/ArrayDivider/ArrayDividerA 1482532700 \
      FL "C:/Users/Josue Llamas/Desktop/ECE/ECE424L/Calculator/ArrayDivider.vhd" \
      EN work/ArrayDivider 1482532699 CP FAdiv
FL "C:/Users/Josue Llamas/Desktop/ECE/ECE424L/Calculator/B2BCD.vhd" 2016/02/05.17:31:32 P.20131013
EN work/B2BCD 1482532703 \
      FL "C:/Users/Josue Llamas/Desktop/ECE/ECE424L/Calculator/B2BCD.vhd" \
      PB ieee/std_logic_1164 1381692176 PB ieee/std_logic_arith 1381692177 \
      PB ieee/STD_LOGIC_UNSIGNED 1381692179 PB ieee/NUMERIC_STD 1381692181
AR work/B2BCD/B2BCDA 1482532704 \
      FL "C:/Users/Josue Llamas/Desktop/ECE/ECE424L/Calculator/B2BCD.vhd" \
      EN work/B2BCD 1482532703
FL "C:/Users/Josue Llamas/Desktop/ECE/ECE424L/Calculator/Controlunit.vhd" 2016/02/05.21:14:47 P.20131013
EN work/Controlunit 1482532705 \
      FL "C:/Users/Josue Llamas/Desktop/ECE/ECE424L/Calculator/Controlunit.vhd" \
      PB ieee/std_logic_1164 1381692176
AR work/Controlunit/Behavioral 1482532706 \
      FL "C:/Users/Josue Llamas/Desktop/ECE/ECE424L/Calculator/Controlunit.vhd" \
      EN work/Controlunit 1482532705 CP PM4 CP ArrayDivider CP AddSub CP B2BCD
FL "C:/Users/Josue Llamas/Desktop/ECE/ECE424L/Calculator/FA.vhd" 2016/01/17.21:40:15 P.20131013
EN work/FA 1482532695 \
      FL "C:/Users/Josue Llamas/Desktop/ECE/ECE424L/Calculator/FA.vhd" \
      PB ieee/std_logic_1164 1381692176
AR work/FA/FAA 1482532696 \
      FL "C:/Users/Josue Llamas/Desktop/ECE/ECE424L/Calculator/FA.vhd" EN work/FA 1482532695
FL "C:/Users/Josue Llamas/Desktop/ECE/ECE424L/Calculator/FAadder.vhd" 2016/01/24.16:45:09 P.20131013
EN work/FAadder 1482532689 \
      FL "C:/Users/Josue Llamas/Desktop/ECE/ECE424L/Calculator/FAadder.vhd" \
      PB ieee/std_logic_1164 1381692176
AR work/FAadder/FAAA 1482532690 \
      FL "C:/Users/Josue Llamas/Desktop/ECE/ECE424L/Calculator/FAadder.vhd" \
      EN work/FAadder 1482532689
FL "C:/Users/Josue Llamas/Desktop/ECE/ECE424L/Calculator/FAdiv.vhd" 2016/01/24.16:19:01 P.20131013
EN work/FAdiv 1482532693 \
      FL "C:/Users/Josue Llamas/Desktop/ECE/ECE424L/Calculator/FAdiv.vhd" \
      PB ieee/std_logic_1164 1381692176
AR work/FAdiv/FAdivA 1482532694 \
      FL "C:/Users/Josue Llamas/Desktop/ECE/ECE424L/Calculator/FAdiv.vhd" \
      EN work/FAdiv 1482532693
FL "C:/Users/Josue Llamas/Desktop/ECE/ECE424L/Calculator/PA4.vhd" 2016/01/24.16:57:32 P.20131013
EN work/PA4add 1482532691 \
      FL "C:/Users/Josue Llamas/Desktop/ECE/ECE424L/Calculator/PA4.vhd" \
      PB ieee/std_logic_1164 1381692176
AR work/PA4add/PA4AA 1482532692 \
      FL "C:/Users/Josue Llamas/Desktop/ECE/ECE424L/Calculator/PA4.vhd" \
      EN work/PA4add 1482532691 CP FAadder
FL "C:/Users/Josue Llamas/Desktop/ECE/ECE424L/Calculator/PM4.vhd" 2016/01/25.21:45:26 P.20131013
EN work/PM4 1482532697 \
      FL "C:/Users/Josue Llamas/Desktop/ECE/ECE424L/Calculator/PM4.vhd" \
      PB ieee/std_logic_1164 1381692176
AR work/PM4/PM4A 1482532698 \
      FL "C:/Users/Josue Llamas/Desktop/ECE/ECE424L/Calculator/PM4.vhd" \
      EN work/PM4 1482532697 CP FA
