--------------------------------------------------------------------------------
Release 14.7 Trace  (nt64)
Copyright (c) 1995-2013 Xilinx, Inc.  All rights reserved.

C:\Xilinx\14.7\ISE_DS\ISE\bin\nt64\unwrapped\trce.exe -intstyle ise -v 3 -s 5
-n 3 -fastpaths -xml AddSub.twx AddSub.ncd -o AddSub.twr AddSub.pcf

Design file:              AddSub.ncd
Physical constraint file: AddSub.pcf
Device,package,speed:     xc3s500e,fg320,-5 (PRODUCTION 1.27 2013-10-13)
Report level:             verbose report

Environment Variable      Effect 
--------------------      ------ 
NONE                      No environment variables were set
--------------------------------------------------------------------------------

INFO:Timing:2698 - No timing constraints found, doing default enumeration.
INFO:Timing:3412 - To improve timing, see the Timing Closure User Guide (UG612).
INFO:Timing:2752 - To get complete path coverage, use the unconstrained paths 
   option. All paths that are not constrained will be reported in the 
   unconstrained paths section(s) of the report.
INFO:Timing:3339 - The clock-to-out numbers in this timing report are based on 
   a 50 Ohm transmission line loading model.  For the details of this model, 
   and for more information on accounting for different loading conditions, 
   please see the device datasheet.
INFO:Timing:3390 - This architecture does not support a default System Jitter 
   value, please add SYSTEM_JITTER constraint to the UCF to modify the Clock 
   Uncertainty calculation.
INFO:Timing:3389 - This architecture does not support 'Discrete Jitter' and 
   'Phase Error' calculations, these terms will be zero in the Clock 
   Uncertainty calculation.  Please make appropriate modification to 
   SYSTEM_JITTER to account for the unsupported Discrete Jitter and Phase 
   Error.



Data Sheet report:
-----------------
All values displayed in nanoseconds (ns)

Pad to Pad
---------------+---------------+---------+
Source Pad     |Destination Pad|  Delay  |
---------------+---------------+---------+
a<0>           |cout           |    8.256|
a<0>           |ov             |    8.732|
a<0>           |s<0>           |    6.123|
a<0>           |s<1>           |    6.952|
a<0>           |s<2>           |    7.431|
a<0>           |s<3>           |    8.128|
a<1>           |cout           |    7.311|
a<1>           |ov             |    7.787|
a<1>           |s<1>           |    5.719|
a<1>           |s<2>           |    6.486|
a<1>           |s<3>           |    7.183|
a<2>           |cout           |    6.469|
a<2>           |ov             |    6.945|
a<2>           |s<2>           |    5.644|
a<2>           |s<3>           |    6.341|
a<3>           |cout           |    5.293|
a<3>           |ov             |    5.825|
a<3>           |s<3>           |    5.836|
b<0>           |cout           |    8.000|
b<0>           |ov             |    8.476|
b<0>           |s<0>           |    5.583|
b<0>           |s<1>           |    6.696|
b<0>           |s<2>           |    7.175|
b<0>           |s<3>           |    7.872|
b<1>           |cout           |    7.065|
b<1>           |ov             |    7.541|
b<1>           |s<1>           |    5.650|
b<1>           |s<2>           |    6.240|
b<1>           |s<3>           |    6.937|
b<2>           |cout           |    6.509|
b<2>           |ov             |    6.985|
b<2>           |s<2>           |    5.684|
b<2>           |s<3>           |    6.381|
b<3>           |cout           |    5.522|
b<3>           |ov             |    6.049|
b<3>           |s<3>           |    6.310|
op             |cout           |    8.550|
op             |ov             |    9.026|
op             |s<1>           |    7.043|
op             |s<2>           |    7.725|
op             |s<3>           |    8.422|
---------------+---------------+---------+


Analysis completed Sun Jan 24 22:20:09 2016 
--------------------------------------------------------------------------------

Trace Settings:
-------------------------
Trace Settings 

Peak Memory Usage: 177 MB



